The key '/tests/script/gen/elektra/nodefault/nodefault' doesn't have a default value!
