Warning: Ignoring globbed key '/tests/script/gen/elektra/struct/person/_'; currently unsupported
Warning: Ignoring globbed key '/tests/script/gen/elektra/struct/person/_/age'; currently unsupported
Warning: Ignoring globbed key '/tests/script/gen/elektra/struct/person/_/height'; currently unsupported
Warning: Ignoring globbed key '/tests/script/gen/elektra/struct/person/_/name'; currently unsupported
Warning: Ignoring globbed key '/tests/script/gen/elektra/struct/person/_'; currently unsupported
Warning: Ignoring globbed key '/tests/script/gen/elektra/struct/person/_/age'; currently unsupported
Warning: Ignoring globbed key '/tests/script/gen/elektra/struct/person/_/height'; currently unsupported
Warning: Ignoring globbed key '/tests/script/gen/elektra/struct/person/_/name'; currently unsupported
