The key '/tests/script/gen/highlevel/nodefault/nodefault' doesn't have a default value and is not marked with 'require'!
